// Jest Snapshot v1, https://goo.gl/fbAQLP

exports[`[Component] App deve montar corretamente 1`] = `ShallowWrapper {}`;
